// Jest Snapshot v1, https://goo.gl/fbAQLP

exports[`ElementsViews renders the component 1`] = `
<div id="element">
  <div class="container">
    <div class="input-group flex-nowrap d-flex mt-5"><span class="input-group-text" id="addon-wrapping">@</span><input type="text" class="form-control" placeholder="Username" aria-label="Username" aria-describedby="addon-wrapping"></div>
  </div>
  <searchinfo-stub word=""></searchinfo-stub>
</div>
`;
